// Jest Snapshot v1, https://goo.gl/fbAQLP

exports[`OpportunityPanel should render correctly 1`] = `
<div>
  <Panel
    closeButtonAriaLabel="Close"
    hasCloseButton={true}
    headerText="Opportunity Panel"
    isBlocking={true}
    isOpen={false}
    onRenderFooterContent={[Function]}
    type={1}
  >
    <ChoiceGroup
      label="Pick one"
      options={
        Array [
          Object {
            "key": "A",
            "text": "Option A",
          },
          Object {
            "checked": true,
            "key": "B",
            "text": "Option B",
          },
          Object {
            "disabled": true,
            "key": "C",
            "text": "Option C",
          },
          Object {
            "checked": true,
            "disabled": true,
            "key": "D",
            "text": "Option D",
          },
        ]
      }
      required={true}
    />
  </Panel>
</div>
`;
